<?xml version="1.0" encoding="utf-8"?><testsuites><testsuite name="pytest" errors="0" failures="0" skipped="0" tests="0" time="0.012" timestamp="2023-03-13T13:30:27.138675" hostname="kamol-dev" /></testsuites>